// Jest Snapshot v1, https://goo.gl/fbAQLP

exports[`Message component should render correctly 1`] = `
<div>
  <button
    className=""
    onClick={[MockFunction]}
  >
    Restart
  </button>
</div>
`;
