// Jest Snapshot v1, https://goo.gl/fbAQLP

exports[`Scene component should render correctly 1`] = `
<div
  className="scene-wrap"
>
  <Control
    restartGame={[Function]}
  />
  <div
    className="count"
  >
    0
  </div>
  <div
    className="scene"
  />
</div>
`;
