// Jest Snapshot v1, https://goo.gl/fbAQLP

exports[`Message component should render correctly 1`] = `
<div
  className="message"
>
  <em
    onClick={[MockFunction]}
  />
  <p>
    text example
  </p>
</div>
`;
