// Jest Snapshot v1, https://goo.gl/fbAQLP

exports[`ErrorComponent should render correctly 1`] = `
<div>
  <div>
    <p>
      error message
    </p>
  </div>
</div>
`;
